// Jest Snapshot v1, https://goo.gl/fbAQLP

exports[`SearchResults should render correctly 1`] = `<div />`;
