// Jest Snapshot v1, https://goo.gl/fbAQLP

exports[`Header should render correctly 1`] = `
<header
  className="Header"
>
  <a
    href="/"
  >
    <span
      className="Header__hidden-text"
    >
      Skyscanner
    </span>
    <img
      alt="Skyscanner"
      className="Header__logo-image"
      src="logo.svg"
    />
  </a>
  <button
    className="Header__menu-button"
    onClick={[Function]}
  >
    <svg
      className="Header__menu-icon"
      height="24"
      style={
        Object {
          "height": "1.5rem",
          "width": "1.5rem",
        }
      }
      width="24"
      xmlns="http://www.w3.org/2000/svg"
    >
      <path
        d="M20 8H4c-.6 0-1-.4-1-1s.4-1 1-1h16c.6 0 1 .4 1 1s-.4 1-1 1zm1 4c0-.6-.4-1-1-1H4c-.6 0-1 .4-1 1s.4 1 1 1h16c.6 0 1-.4 1-1zm0 5c0-.6-.4-1-1-1H4c-.6 0-1 .4-1 1s.4 1 1 1h16c.6 0 1-.4 1-1z"
      />
    </svg>
  </button>
</header>
`;
