// Jest Snapshot v1, https://goo.gl/fbAQLP

exports[`SearchResultsFullListPresentation should render correctly 1`] = `
<div
  className="SearchResultsList"
>
  <div
    className="bpk-card bpk-card--padded ItineraryItem"
    role="button"
  >
    <div
      className="flight"
    >
      <div
        className="route"
      >
        <img
          alt="carrier logo"
          className="carrier-logo"
          src="https://logos.skyscnr.com/images/airlines/favicon/BA.png"
        />
        <div
          className="airport"
        >
          <span
            className="bpk-text bpk-text--lg airport__time"
          >
            19:35
          </span>
          <span
            className="bpk-text bpk-text--lg airport__name"
          >
            EDI
          </span>
        </div>
        <svg
          className="arrow"
          height="24"
          style={
            Object {
              "height": "1.5rem",
              "width": "1.5rem",
            }
          }
          width="24"
          xmlns="http://www.w3.org/2000/svg"
        >
          <path
            d="M14.4 19.5l5.7-5.3c.4-.4.7-.9.8-1.5.1-.3.1-.5.1-.7s0-.4-.1-.6c-.1-.6-.4-1.1-.8-1.5l-5.7-5.3c-.8-.8-2.1-.7-2.8.1-.8.8-.7 2.1.1 2.8l2.7 2.5H5c-1.1 0-2 .9-2 2s.9 2 2 2h9.4l-2.7 2.5c-.5.4-.7 1-.7 1.5s.2 1 .5 1.4c.8.8 2.1.8 2.9.1z"
          />
        </svg>
        <div
          className="airport airport--destination"
        >
          <span
            className="bpk-text bpk-text--lg airport__time"
          >
            21:00
          </span>
          <span
            className="bpk-text bpk-text--lg airport__name"
          >
            LHR
          </span>
        </div>
      </div>
      <div
        className="details"
      >
        <span
          className="bpk-text bpk-text--base details__duration"
        >
          1h 25
        </span>
        <span
          className="bpk-text bpk-text--base details__stops details__stops--single"
        >
          Direct
        </span>
      </div>
    </div>
    <div
      className="flight"
    >
      <div
        className="route"
      >
        <img
          alt="carrier logo"
          className="carrier-logo"
          src="https://logos.skyscnr.com/images/airlines/favicon/U2.png"
        />
        <div
          className="airport"
        >
          <span
            className="bpk-text bpk-text--lg airport__time"
          >
            07:05
          </span>
          <span
            className="bpk-text bpk-text--lg airport__name"
          >
            LTN
          </span>
        </div>
        <svg
          className="arrow"
          height="24"
          style={
            Object {
              "height": "1.5rem",
              "width": "1.5rem",
            }
          }
          width="24"
          xmlns="http://www.w3.org/2000/svg"
        >
          <path
            d="M14.4 19.5l5.7-5.3c.4-.4.7-.9.8-1.5.1-.3.1-.5.1-.7s0-.4-.1-.6c-.1-.6-.4-1.1-.8-1.5l-5.7-5.3c-.8-.8-2.1-.7-2.8.1-.8.8-.7 2.1.1 2.8l2.7 2.5H5c-1.1 0-2 .9-2 2s.9 2 2 2h9.4l-2.7 2.5c-.5.4-.7 1-.7 1.5s.2 1 .5 1.4c.8.8 2.1.8 2.9.1z"
          />
        </svg>
        <div
          className="airport airport--destination"
        >
          <span
            className="bpk-text bpk-text--lg airport__time"
          >
            08:25
          </span>
          <span
            className="bpk-text bpk-text--lg airport__name"
          >
            EDI
          </span>
        </div>
      </div>
      <div
        className="details"
      >
        <span
          className="bpk-text bpk-text--base details__duration"
        >
          1h 20
        </span>
        <span
          className="bpk-text bpk-text--base details__stops details__stops--single"
        >
          Direct
        </span>
      </div>
    </div>
    <div
      className="footer"
    >
      <div
        className="footer__info"
      >
        <span
          className="bpk-text bpk-text--xl footer__price"
        >
          321
           Â£
        </span>
        <span
          className="bpk-text bpk-text--base footer__agent"
        >
          ebookers
        </span>
      </div>
      <button
        className="bpk-button footer__button"
        disabled={false}
        onClick={[Function]}
        type="button"
      >
        Select
      </button>
    </div>
  </div>
</div>
`;
